// Jest Snapshot v1, https://goo.gl/fbAQLP

exports[`Link changes the class when hovered 1`] = `
<div
  className="CROWNLabel "
  style={
    Object {
      "color": "var(--black-1)",
      "fontSize": "22px",
      "fontWeight": "400",
    }
  }
>
  I'm a label
</div>
`;
